// Jest Snapshot v1, https://goo.gl/fbAQLP

exports[`Results render 5 items 1`] = `
<div
  className="Results__StyledWrapper-sc-1g02b5t-0 DeKtb"
/>
`;
