// Jest Snapshot v1, https://goo.gl/fbAQLP

exports[`App render index page 1`] = `
<div
  className="Page__StyledPage-sc-1lc0jd-0 jufmcl"
>
  <header
    className="Header__StyledHeader-sc-6ii4zc-0 byRpXF"
  >
    <h1
      className="Header__Logo-sc-6ii4zc-1 gMQudC"
    >
      <a
        className="Header__StyledAnchor-sc-6ii4zc-2 jkaAbg"
        onClick={[Function]}
      >
        <img
          className="Header__StyledImg-sc-6ii4zc-3 dVCYVW"
          src="/static/icons/s-logo.png"
        />
        Trendy
      </a>
    </h1>
    <nav
      className="Nav__NavStyled-pb472o-0 dcUoYK"
    >
      <button
        className="Button-lh6zao-0 eerQNO"
        onClick={[Function]}
        style={
          Object {
            "display": "flex",
          }
        }
      >
        <svg
          className="icon icon-menu Nav__MenuStyled-pb472o-1 bXSTrH"
          viewBox="0 0 16 16"
        >
          <use
            xlinkHref="../static/icons/icons.svg#icon-menu"
          />
        </svg>
      </button>
    </nav>
  </header>
  <div
    className="Page__Inner-sc-1lc0jd-1 etDWEt"
  >
    <div
      className="SearchInput__InputWrapper-sc-1nu51op-1 kMySmv"
    >
      <input
        className="SearchInput__Input-sc-1nu51op-0 gnstrE"
        onChange={[Function]}
        placeholder="Hledejte.."
        type="input"
        value=""
      />
      <svg
        className="icon icon-search SearchInput__StyledIcon-sc-1nu51op-2 kQpKlt"
        viewBox="0 0 16 16"
      >
        <use
          xlinkHref="../static/icons/icons.svg#icon-search"
        />
      </svg>
    </div>
    <div
      className="Results__StyledWrapper-sc-1g02b5t-0 DeKtb"
    />
  </div>
</div>
`;
